../Core/Src/main.c:98:5:main	8	static
../Core/Src/main.c:155:6:SystemClock_Config	88	static
../Core/Src/main.c:205:13:MX_ADC1_Init	24	static
../Core/Src/main.c:257:13:MX_DAC_Init	16	static
../Core/Src/main.c:297:13:MX_I2C2_Init	8	static
../Core/Src/main.c:345:13:MX_I2C4_Init	8	static
../Core/Src/main.c:393:13:MX_SPI1_Init	8	static
../Core/Src/main.c:433:13:MX_SPI2_Init	8	static
../Core/Src/main.c:472:13:MX_TIM2_Init	40	static
../Core/Src/main.c:517:13:MX_TIM3_Init	40	static
../Core/Src/main.c:562:13:MX_UART5_Init	8	static
../Core/Src/main.c:597:13:MX_USART2_UART_Init	8	static
../Core/Src/main.c:632:13:MX_USART3_UART_Init	8	static
../Core/Src/main.c:667:13:MX_USB_OTG_FS_PCD_Init	8	static
../Core/Src/main.c:700:13:MX_DMA_Init	16	static
../Core/Src/main.c:721:13:MX_GPIO_Init	56	static
../Core/Src/main.c:788:6:Error_Handler	4	static,ignoring_inline_asm
